// Jest Snapshot v1, https://goo.gl/fbAQLP

exports[`MyListPage matches snapshot 1`] = `
<div>
  <div
    class="container-fluid"
  >
    <div
      class="row"
    >
      <div
        class="col"
      >
        <!---->
         
        <div
          class="card-columns"
        >
          <div
            class="card"
          >
            <!---->
             
            <div
              class="card-header"
            >
              <h5
                class="card-title m-0"
              >
                Add New!
              </h5>
               
              <!---->
            </div>
             
            <div
              class="card-body"
            >
              <form
                class="form-horizontal"
              >
                <div
                  class="form-group"
                >
                  <label
                    for="thing-input"
                  >
                    Thing*
                  </label>
                   
                  <input
                    class="form-control"
                    id="thing-input"
                    name="thing"
                    placeholder="Something I want..."
                    type="text"
                  />
                </div>
                 
                <div
                  class="form-group"
                >
                  <label
                    for="price-input"
                  >
                    Price
                  </label>
                   
                  <input
                    class="form-control"
                    id="price-input"
                    name="price"
                    placeholder="Enter a price or a range, e.g. £10-£20"
                    type="text"
                  />
                </div>
                 
                <div
                  class="form-group"
                >
                  <label
                    for="notes-input"
                  >
                    Notes
                  </label>
                   
                  <textarea
                    class="form-control"
                    id="notes-input"
                    name="notes"
                    placeholder="Enter a link to a specific thing, a description of what you want, why you want it, anything!"
                  />
                </div>
                 
                <button
                  class="btn btn-success btn-block"
                  disabled="disabled"
                  type="button"
                >
                  
        Add
      
                </button>
              </form>
            </div>
          </div>
           
        </div>
      </div>
    </div>
  </div>
</div>
`;
