// Jest Snapshot v1, https://goo.gl/fbAQLP

exports[`LoadingIndicator matches snapshot 1`] = `
<div>
  <div
    class="d-flex justify-content-center align-items-center"
    style="background: rgba(255, 255, 255, 0.4); position: absolute; top: 0px; bottom: 0px; left: 0px; right: 0px;"
  >
    <div
      class="spinner-border"
      role="status"
    >
      <span
        class="sr-only"
      >
        Loading...
      </span>
    </div>
  </div>
</div>
`;

exports[`PeoplePicker matches snapshot 1`] = `
<div>
  <select
    class="custom-select"
  >
    <!---->
     
    <option
      disabled="disabled"
      value=""
    >
      
    Pick a name!
  
    </option>
     
  </select>
</div>
`;
