// Vitest Snapshot v1, https://vitest.dev/guide/snapshot.html

exports[`TopNav > matches snapshot 1`] = `
<div>
  <nav
    class="navbar navbar-light bg-light"
  >
    <a
      class="navbar-brand"
      href="/"
    >
      Present Ideas
    </a>
    <!--v-if-->
  </nav>
</div>
`;
