// Vitest Snapshot v1

exports[`Layout > matches snapshot 1`] = `
<div>
  <div>
    <nav
      class="navbar navbar-light bg-light"
    >
      <a
        class="navbar-brand"
        href="/"
      >
        Present Ideas
      </a>
      <!--v-if-->
    </nav>
    <div
      class="mt-3"
    >
      
      
    </div>
  </div>
</div>
`;
